==================== 2026-07-08T08:35:17.379710Z | 019f40dd-fafa-7211-8d1a-f4ec14b3cf0b ====================
08:35:17.382088 [info ]: Installing dbt project and profile setup
08:35:17.385583 [info ]: Info Created .vscode/extensions.json with dbt extension recommendation
08:35:17.386823 [info ]: Success Project created successfully!
08:35:17.386984 [info ]: Info Project name: jaffle_shop
08:35:17.387004 [info ]: Info Project directory: jaffle_shop
08:35:17.387025 [info ]: Info Setting up your profile...
08:35:17.388979 [info ]: Loading ~/.dbt/profiles.yml
08:35:17.394121 [info ]: Info Creating new profile...
08:36:36.318084 [error]: [IoError (dbt1001)]: Failed to get adapter selection: IO error: read interrupted
08:36:36.366990 [info ]: 
==================== Execution Summary =====================
Finished 'init' with 1 error [1m 19s]
[0m10:37:20.964801 [debug] [MainThread]: Sending event: {'category': 'dbt', 'action': 'invocation', 'label': 'start', 'context': [<snowplow_tracker.self_describing_json.SelfDescribingJson object at 0x10be57ee0>, <snowplow_tracker.self_describing_json.SelfDescribingJson object at 0x10d34f190>, <snowplow_tracker.self_describing_json.SelfDescribingJson object at 0x10d34f4c0>]}


============================== 10:37:20.966665 | 95ddb1fb-eaed-4e26-be79-ff31572ef375 ==============================
[0m10:37:20.966665 [info ] [MainThread]: Running with dbt=1.10.22
[0m10:37:20.966914 [debug] [MainThread]: running dbt with arguments {'introspect': 'True', 'version_check': 'True', 'use_experimental_parser': 'False', 'warn_error_options': 'WarnErrorOptionsV2(error=[], warn=[], silence=[])', 'debug': 'False', 'partial_parse': 'True', 'use_colors': 'True', 'static_parser': 'True', 'warn_error': 'None', 'no_print': 'None', 'printer_width': '80', 'log_cache_events': 'False', 'empty': 'None', 'quiet': 'False', 'log_path': 'logs', 'fail_fast': 'False', 'invocation_command': 'dbt init', 'cache_selected_only': 'False', 'send_anonymous_usage_stats': 'True', 'target_path': 'None', 'write_json': 'True', 'log_format': 'default', 'profiles_dir': '/Users/albert/.dbt', 'indirect_selection': 'eager'}
[0m10:37:37.566398 [debug] [MainThread]: Starter project path: /Users/albert/data_vault/local_data_vault/venv/lib/python3.9/site-packages/dbt/include/starter_project
[0m10:37:37.573059 [info ] [MainThread]: 
Your new dbt project "ecommerce_dv" was created!

For more information on how to configure the profiles.yml file,
please consult the dbt documentation here:

  https://docs.getdbt.com/docs/configure-your-profile

One more thing:

Need help? Don't hesitate to reach out to us via GitHub issues or on Slack:

  https://community.getdbt.com/

Happy modeling!

[0m10:37:37.573288 [info ] [MainThread]: Setting up your profile.
[0m10:37:51.489674 [debug] [MainThread]: Resource report: {"command_name": "init", "command_success": true, "command_wall_clock_time": 30.560448, "process_in_blocks": "0", "process_kernel_time": 0.108295, "process_mem_max_rss": "114786304", "process_out_blocks": "0", "process_user_time": 0.640506}
[0m10:37:51.489962 [debug] [MainThread]: Command `dbt init` succeeded at 10:37:51.489906 after 30.56 seconds
[0m10:37:51.490128 [debug] [MainThread]: Sending event: {'category': 'dbt', 'action': 'invocation', 'label': 'end', 'context': [<snowplow_tracker.self_describing_json.SelfDescribingJson object at 0x10be57ee0>, <snowplow_tracker.self_describing_json.SelfDescribingJson object at 0x10d34f190>, <snowplow_tracker.self_describing_json.SelfDescribingJson object at 0x10d34fc10>]}
[0m10:37:51.490296 [debug] [MainThread]: Flushing usage events
[0m10:37:51.978905 [debug] [MainThread]: An error was encountered while trying to flush usage events
